frame=498
fps=0.00
stream_0_0_q=-0.0
bitrate=N/A
total_size=N/A
out_time_us=16600000
out_time_ms=16600000
out_time=00:00:16.600000
dup_frames=0
drop_frames=0
speed=31.9x
progress=continue
frame=1020
fps=988.23
stream_0_0_q=-0.0
bitrate=N/A
total_size=N/A
out_time_us=34000000
out_time_ms=34000000
out_time=00:00:34.000000
dup_frames=0
drop_frames=0
speed=32.9x
progress=continue
frame=1543
fps=997.09
stream_0_0_q=-0.0
bitrate=N/A
total_size=N/A
out_time_us=51300000
out_time_ms=51300000
out_time=00:00:51.300000
dup_frames=0
drop_frames=0
speed=33.2x
progress=continue
frame=1800
fps=997.13
stream_0_0_q=-0.0
bitrate=N/A
total_size=N/A
out_time_us=60000000
out_time_ms=60000000
out_time=00:01:00.000000
dup_frames=0
drop_frames=0
speed=33.2x
progress=end
